// Vitest Snapshot v1, https://vitest.dev/guide/snapshot.html

exports[`Mutation: createManyPost (Drizzle v2 Pure Object Syntax) > should create multiple posts and return an array of created records 1`] = `
[
  {
    "__typename": "Post",
    "authorId": "3e0bb3d0-2074-4a1e-6263-d13dd10cb0cf",
    "content": "Content 1",
    "published": true,
    "title": "Bulk Post 1",
  },
  {
    "__typename": "Post",
    "authorId": "3e0bb3d0-2074-4a1e-6263-d13dd10cb0cf",
    "content": "Content 2",
    "published": false,
    "title": "Bulk Post 2",
  },
]
`;
