// Vitest Snapshot v1, https://vitest.dev/guide/snapshot.html

exports[`findFirst > sorts array in ascending order by user name 1`] = `
{
  "__typename": "User",
  "createdAt": "2026-03-15T01:44:16.929Z",
  "email": "residual_carroll@hotmail.fr",
  "id": "3e0bb3d0-2074-4a1e-6263-d13dd10cb0cf",
  "name": "Agripina",
  "posts": [
    {
      "__typename": "Post",
      "authorId": "3e0bb3d0-2074-4a1e-6263-d13dd10cb0cf",
      "content": "0A5IvfaGQJxjkjr84lu7",
      "createdAt": "2025-04-07T14:01:50.642Z",
      "id": "62909dff-9a45-43cd-9da3-54616075df85",
      "published": true,
      "publishedAt": "2023-11-24T16:45:03.704Z",
      "title": "BykAzJk3J7m",
      "updatedAt": "2023-05-24T19:50:41.360Z",
    },
  ],
  "postsCount": 1,
  "roles": [
    "ADMIN",
    "ADMIN",
    "ADMIN",
    "ADMIN",
    "USER",
    "ADMIN",
    "USER",
    "USER",
    "ADMIN",
    "ADMIN",
  ],
  "updatedAt": "2025-05-30T01:05:57.804Z",
}
`;

exports[`findFirst > sorts array in descending order by user name 1`] = `
{
  "__typename": "User",
  "createdAt": "2025-08-08T16:35:18.661Z",
  "email": "offbeat_etta@gmx.de",
  "id": "d1c010d6-c420-448d-6503-8c403c0022d6",
  "name": "Verla",
  "posts": [],
  "postsCount": 0,
  "roles": [
    "ADMIN",
    "ADMIN",
    "ADMIN",
    "USER",
    "USER",
    "ADMIN",
    "ADMIN",
    "USER",
    "USER",
    "USER",
  ],
  "updatedAt": "2023-06-02T14:32:15.711Z",
}
`;
